2026-08-24 13:27:53,584 DEBUG    root            Loaded Command Group: ['gcloud', 'components']
2026-08-24 13:27:53,611 DEBUG    root            Loaded Command Group: ['gcloud', 'components', 'update']
2026-08-24 13:27:53,612 DEBUG    root            Running [gcloud.components.update] with arguments: [--quiet: "True", COMPONENT-IDS:8: "['gcloud', 'core', 'bq', 'gsutil', 'compute', 'preview', 'alpha', 'beta']"]
2026-08-24 13:27:53,613 DEBUG    root            On GCE from disk cache: False
2026-08-24 13:27:53,613 INFO     ___FILE_ONLY___ Beginning update. This process may take several minutes.

2026-08-24 13:27:53,614 DEBUG    root            On GCE from memory cache: False
2026-08-24 13:27:53,616 DEBUG    root            On GCE from memory cache: False
2026-08-24 13:27:53,617 DEBUG    urllib3.connectionpool Starting new HTTPS connection (1): dl.google.com:443
2026-08-24 13:27:53,628 DEBUG    urllib3.connectionpool https://dl.google.com:443 "GET /dl/cloudsdk/channels/rapid/components-2.json HTTP/1.1" 200 28475
2026-08-24 13:27:53,636 WARNING  root            Component [compute] no longer exists.
2026-08-24 13:27:53,637 INFO     ___FILE_ONLY___ 

2026-08-24 13:27:53,637 INFO     ___FILE_ONLY___ 
Your current Google Cloud CLI version is: 581.0.0

2026-08-24 13:27:53,637 INFO     ___FILE_ONLY___ Installing components from version: 581.0.0

2026-08-24 13:27:53,637 INFO     ___FILE_ONLY___ 

2026-08-24 13:27:53,637 DEBUG    root            Chosen display Format:table[box,title="These components will be removed."](details.display_name:label=Name:align=left,version.version_string:label=Version:align=right,data.size.size(zero="",min=1048576):label=Size:align=right)
2026-08-24 13:27:53,638 DEBUG    root            Chosen display Format:table[box,title="These components will be updated."](details.display_name:label=Name:align=left,version.version_string:label=Version:align=right,data.size.size(zero="",min=1048576):label=Size:align=right)
2026-08-24 13:27:53,638 DEBUG    root            Chosen display Format:table[box,title="These components will be installed."](details.display_name:label=Name:align=left,version.version_string:label=Version:align=right,data.size.size(zero="",min=1048576):label=Size:align=right)
2026-08-24 13:27:53,653 INFO     ___FILE_ONLY___ ┌────────────────────────────────────────────────┐
2026-08-24 13:27:53,653 INFO     ___FILE_ONLY___ 

2026-08-24 13:27:53,653 INFO     ___FILE_ONLY___ │      These components will be installed.       │
2026-08-24 13:27:53,653 INFO     ___FILE_ONLY___ 

2026-08-24 13:27:53,653 INFO     ___FILE_ONLY___ ├─────────────────────────┬────────────┬─────────┤
2026-08-24 13:27:53,653 INFO     ___FILE_ONLY___ 

2026-08-24 13:27:53,653 INFO     ___FILE_ONLY___ │           Name          │  Version   │   Size  │
2026-08-24 13:27:53,654 INFO     ___FILE_ONLY___ 

2026-08-24 13:27:53,654 INFO     ___FILE_ONLY___ ├─────────────────────────┼────────────┼─────────┤
2026-08-24 13:27:53,654 INFO     ___FILE_ONLY___ 

2026-08-24 13:27:53,654 INFO     ___FILE_ONLY___ │ 
2026-08-24 13:27:53,654 INFO     ___FILE_ONLY___ gcloud Alpha Commands  
2026-08-24 13:27:53,654 INFO     ___FILE_ONLY___  
2026-08-24 13:27:53,654 INFO     ___FILE_ONLY___ │ 
2026-08-24 13:27:53,654 INFO     ___FILE_ONLY___ 2026.08.14
2026-08-24 13:27:53,654 INFO     ___FILE_ONLY___  
2026-08-24 13:27:53,654 INFO     ___FILE_ONLY___ │ 
2026-08-24 13:27:53,654 INFO     ___FILE_ONLY___ < 1 MiB
2026-08-24 13:27:53,654 INFO     ___FILE_ONLY___  
2026-08-24 13:27:53,654 INFO     ___FILE_ONLY___ │
2026-08-24 13:27:53,654 INFO     ___FILE_ONLY___ 

2026-08-24 13:27:53,654 INFO     ___FILE_ONLY___ │ 
2026-08-24 13:27:53,654 INFO     ___FILE_ONLY___ gcloud Beta Commands   
2026-08-24 13:27:53,654 INFO     ___FILE_ONLY___  
2026-08-24 13:27:53,654 INFO     ___FILE_ONLY___ │ 
2026-08-24 13:27:53,654 INFO     ___FILE_ONLY___ 2026.08.14
2026-08-24 13:27:53,654 INFO     ___FILE_ONLY___  
2026-08-24 13:27:53,654 INFO     ___FILE_ONLY___ │ 
2026-08-24 13:27:53,655 INFO     ___FILE_ONLY___ < 1 MiB
2026-08-24 13:27:53,655 INFO     ___FILE_ONLY___  
2026-08-24 13:27:53,655 INFO     ___FILE_ONLY___ │
2026-08-24 13:27:53,655 INFO     ___FILE_ONLY___ 

2026-08-24 13:27:53,655 INFO     ___FILE_ONLY___ │ 
2026-08-24 13:27:53,655 INFO     ___FILE_ONLY___ gcloud Preview Commands
2026-08-24 13:27:53,655 INFO     ___FILE_ONLY___  
2026-08-24 13:27:53,655 INFO     ___FILE_ONLY___ │ 
2026-08-24 13:27:53,655 INFO     ___FILE_ONLY___ 2026.08.14
2026-08-24 13:27:53,655 INFO     ___FILE_ONLY___  
2026-08-24 13:27:53,655 INFO     ___FILE_ONLY___ │ 
2026-08-24 13:27:53,655 INFO     ___FILE_ONLY___ < 1 MiB
2026-08-24 13:27:53,655 INFO     ___FILE_ONLY___  
2026-08-24 13:27:53,655 INFO     ___FILE_ONLY___ │
2026-08-24 13:27:53,655 INFO     ___FILE_ONLY___ 

2026-08-24 13:27:53,655 INFO     ___FILE_ONLY___ └─────────────────────────┴────────────┴─────────┘
2026-08-24 13:27:53,655 INFO     ___FILE_ONLY___ 

2026-08-24 13:27:53,655 INFO     ___FILE_ONLY___ 

2026-08-24 13:27:53,656 DEBUG    root            On GCE from memory cache: False
2026-08-24 13:27:53,657 DEBUG    root            On GCE from memory cache: False
2026-08-24 13:27:53,658 DEBUG    urllib3.connectionpool Starting new HTTPS connection (1): dl.google.com:443
2026-08-24 13:27:53,673 DEBUG    urllib3.connectionpool https://dl.google.com:443 "GET /dl/cloudsdk/channels/rapid/RELEASE_NOTES HTTP/1.1" 200 399308
2026-08-24 13:27:54,157 INFO     ___FILE_ONLY___ For the latest full release notes, please visit:
  https://cloud.google.com/sdk/release_notes


2026-08-24 13:27:54,158 INFO     ___FILE_ONLY___ Performing in place update...


2026-08-24 13:27:54,160 INFO     ___FILE_ONLY___ ╔════════════════════════════════════════════════════════════╗

2026-08-24 13:27:54,160 INFO     ___FILE_ONLY___ ╠═ Downloading: gcloud Alpha Commands                       ═╣

2026-08-24 13:27:54,160 INFO     ___FILE_ONLY___ ╚
2026-08-24 13:27:54,161 DEBUG    root            On GCE from memory cache: False
2026-08-24 13:27:54,162 DEBUG    root            On GCE from memory cache: False
2026-08-24 13:27:54,162 DEBUG    urllib3.connectionpool Starting new HTTPS connection (1): dl.google.com:443
2026-08-24 13:27:54,224 DEBUG    urllib3.connectionpool https://dl.google.com:443 "GET /dl/cloudsdk/channels/rapid/components/google-cloud-sdk-alpha-20260814074256.tar.gz HTTP/1.1" 200 761
2026-08-24 13:27:54,225 INFO     ___FILE_ONLY___ ════════════════════════════════════════════════════════════
2026-08-24 13:27:54,225 INFO     ___FILE_ONLY___ ╝

2026-08-24 13:27:54,227 INFO     ___FILE_ONLY___ ╔════════════════════════════════════════════════════════════╗

2026-08-24 13:27:54,227 INFO     ___FILE_ONLY___ ╠═ Downloading: gcloud Beta Commands                        ═╣

2026-08-24 13:27:54,227 INFO     ___FILE_ONLY___ ╚
2026-08-24 13:27:54,228 DEBUG    root            On GCE from memory cache: False
2026-08-24 13:27:54,229 DEBUG    root            On GCE from memory cache: False
2026-08-24 13:27:54,229 DEBUG    urllib3.connectionpool Starting new HTTPS connection (1): dl.google.com:443
2026-08-24 13:27:54,239 DEBUG    urllib3.connectionpool https://dl.google.com:443 "GET /dl/cloudsdk/channels/rapid/components/google-cloud-sdk-beta-20260814074256.tar.gz HTTP/1.1" 200 758
2026-08-24 13:27:54,239 INFO     ___FILE_ONLY___ ════════════════════════════════════════════════════════════
2026-08-24 13:27:54,239 INFO     ___FILE_ONLY___ ╝

2026-08-24 13:27:54,241 INFO     ___FILE_ONLY___ ╔════════════════════════════════════════════════════════════╗

2026-08-24 13:27:54,242 INFO     ___FILE_ONLY___ ╠═ Downloading: gcloud Preview Commands                     ═╣

2026-08-24 13:27:54,242 INFO     ___FILE_ONLY___ ╚
2026-08-24 13:27:54,242 DEBUG    root            On GCE from memory cache: False
2026-08-24 13:27:54,243 DEBUG    root            On GCE from memory cache: False
2026-08-24 13:27:54,244 DEBUG    urllib3.connectionpool Starting new HTTPS connection (1): dl.google.com:443
2026-08-24 13:27:54,300 DEBUG    urllib3.connectionpool https://dl.google.com:443 "GET /dl/cloudsdk/channels/rapid/components/google-cloud-sdk-preview-20260814074256.tar.gz HTTP/1.1" 200 782
2026-08-24 13:27:54,301 INFO     ___FILE_ONLY___ ════════════════════════════════════════════════════════════
2026-08-24 13:27:54,301 INFO     ___FILE_ONLY___ ╝

2026-08-24 13:27:54,303 INFO     ___FILE_ONLY___ ╔════════════════════════════════════════════════════════════╗

2026-08-24 13:27:54,303 INFO     ___FILE_ONLY___ ╠═ Installing: gcloud Alpha Commands                        ═╣

2026-08-24 13:27:54,303 INFO     ___FILE_ONLY___ ╚
2026-08-24 13:27:54,304 INFO     ___FILE_ONLY___ ════════════════════════════════════════════════════════════
2026-08-24 13:27:54,304 INFO     ___FILE_ONLY___ ╝

2026-08-24 13:27:54,310 INFO     ___FILE_ONLY___ ╔════════════════════════════════════════════════════════════╗

2026-08-24 13:27:54,310 INFO     ___FILE_ONLY___ ╠═ Installing: gcloud Beta Commands                         ═╣

2026-08-24 13:27:54,310 INFO     ___FILE_ONLY___ ╚
2026-08-24 13:27:54,311 INFO     ___FILE_ONLY___ ════════════════════════════════════════════════════════════
2026-08-24 13:27:54,311 INFO     ___FILE_ONLY___ ╝

2026-08-24 13:27:54,314 INFO     ___FILE_ONLY___ ╔════════════════════════════════════════════════════════════╗

2026-08-24 13:27:54,314 INFO     ___FILE_ONLY___ ╠═ Installing: gcloud Preview Commands                      ═╣

2026-08-24 13:27:54,315 INFO     ___FILE_ONLY___ ╚
2026-08-24 13:27:54,315 INFO     ___FILE_ONLY___ ════════════════════════════════════════════════════════════
2026-08-24 13:27:54,315 INFO     ___FILE_ONLY___ ╝

2026-08-24 13:27:54,321 DEBUG    root            Updating notification cache...
2026-08-24 13:27:54,321 INFO     ___FILE_ONLY___ 

2026-08-24 13:27:54,323 INFO     ___FILE_ONLY___ Performing post processing steps...
2026-08-24 13:27:54,324 DEBUG    root            Executing command: ['/tools/google-cloud-sdk/bin/gcloud', 'components', 'post-process']
2026-08-24 13:27:59,763 DEBUG    ___FILE_ONLY___ 
2026-08-24 13:27:59,763 DEBUG    ___FILE_ONLY___ 
2026-08-24 13:27:59,844 INFO     root            descriptor_list: [{'universeDomain': 'googleapis.com', 'universeShortName': '', 'authenticationDomain': 'auth.cloud.google.com', 'projectPrefix': '', 'cloudWebDomain': 'cloud.google.com', 'documentationDomain': 'cloud.google.com', 'version': '1.0.0', 'state': 'primary', 'artifactRegistryDomain': 'pkg.dev'}]
2026-08-24 13:27:59,844 INFO     ___FILE_ONLY___ 
Update done!


2026-08-24 13:27:59,846 DEBUG    root            Chosen display Format:none
2026-08-24 13:27:59,846 INFO     root            Display format: "none"
